TimeQuest Timing Analyzer report for Circuit3
Thu Nov 28 21:58:46 2024
Quartus II 32-bit Version 13.0.1 Build 232 06/12/2013 Service Pack 1 SJ Full Version


---------------------
; Table of Contents ;
---------------------
  1. Legal Notice
  2. TimeQuest Timing Analyzer Summary
  3. Parallel Compilation
  4. Clocks
  5. Slow Model Fmax Summary
  6. Slow Model Setup Summary
  7. Slow Model Hold Summary
  8. Slow Model Recovery Summary
  9. Slow Model Removal Summary
 10. Slow Model Minimum Pulse Width Summary
 11. Slow Model Setup: 'Clock'
 12. Slow Model Hold: 'Clock'
 13. Slow Model Minimum Pulse Width: 'Clock'
 14. Setup Times
 15. Hold Times
 16. Clock to Output Times
 17. Minimum Clock to Output Times
 18. Propagation Delay
 19. Minimum Propagation Delay
 20. Fast Model Setup Summary
 21. Fast Model Hold Summary
 22. Fast Model Recovery Summary
 23. Fast Model Removal Summary
 24. Fast Model Minimum Pulse Width Summary
 25. Fast Model Setup: 'Clock'
 26. Fast Model Hold: 'Clock'
 27. Fast Model Minimum Pulse Width: 'Clock'
 28. Setup Times
 29. Hold Times
 30. Clock to Output Times
 31. Minimum Clock to Output Times
 32. Propagation Delay
 33. Minimum Propagation Delay
 34. Multicorner Timing Analysis Summary
 35. Setup Times
 36. Hold Times
 37. Clock to Output Times
 38. Minimum Clock to Output Times
 39. Progagation Delay
 40. Minimum Progagation Delay
 41. Setup Transfers
 42. Hold Transfers
 43. Report TCCS
 44. Report RSKM
 45. Unconstrained Paths
 46. TimeQuest Timing Analyzer Messages



----------------
; Legal Notice ;
----------------
Copyright (C) 1991-2013 Altera Corporation
Your use of Altera Corporation's design tools, logic functions 
and other software and tools, and its AMPP partner logic 
functions, and any output files from any of the foregoing 
(including device programming or simulation files), and any 
associated documentation or information are expressly subject 
to the terms and conditions of the Altera Program License 
Subscription Agreement, Altera MegaCore Function License 
Agreement, or other applicable license agreement, including, 
without limitation, that your use is for the sole purpose of 
programming logic devices manufactured by Altera and sold by 
Altera or its authorized distributors.  Please refer to the 
applicable agreement for further details.



+-----------------------------------------------------------------------------------------+
; TimeQuest Timing Analyzer Summary                                                       ;
+--------------------+--------------------------------------------------------------------+
; Quartus II Version ; Version 13.0.1 Build 232 06/12/2013 Service Pack 1 SJ Full Version ;
; Revision Name      ; Circuit3                                                           ;
; Device Family      ; Cyclone II                                                         ;
; Device Name        ; EP2C35F672C6                                                       ;
; Timing Models      ; Final                                                              ;
; Delay Model        ; Combined                                                           ;
; Rise/Fall Delays   ; Unavailable                                                        ;
+--------------------+--------------------------------------------------------------------+


+------------------------------------------+
; Parallel Compilation                     ;
+----------------------------+-------------+
; Processors                 ; Number      ;
+----------------------------+-------------+
; Number detected on machine ; 8           ;
; Maximum allowed            ; 4           ;
;                            ;             ;
; Average used               ; 1.00        ;
; Maximum used               ; 1           ;
;                            ;             ;
; Usage by Processor         ; % Time Used ;
;     Processor 1            ; 100.0%      ;
;     Processors 2-8         ;   0.0%      ;
+----------------------------+-------------+


+-----------------------------------------------------------------------------------------------------------------------------------------------------------------------------------+
; Clocks                                                                                                                                                                            ;
+------------+------+--------+------------+-------+-------+------------+-----------+-------------+-------+--------+-----------+------------+----------+--------+--------+-----------+
; Clock Name ; Type ; Period ; Frequency  ; Rise  ; Fall  ; Duty Cycle ; Divide by ; Multiply by ; Phase ; Offset ; Edge List ; Edge Shift ; Inverted ; Master ; Source ; Targets   ;
+------------+------+--------+------------+-------+-------+------------+-----------+-------------+-------+--------+-----------+------------+----------+--------+--------+-----------+
; Clock      ; Base ; 1.000  ; 1000.0 MHz ; 0.000 ; 0.500 ;            ;           ;             ;       ;        ;           ;            ;          ;        ;        ; { Clock } ;
+------------+------+--------+------------+-------+-------+------------+-----------+-------------+-------+--------+-----------+------------+----------+--------+--------+-----------+


+------------------------------------------------------------------------------------------------------------+
; Slow Model Fmax Summary                                                                                    ;
+-------------+-----------------+------------+---------------------------------------------------------------+
; Fmax        ; Restricted Fmax ; Clock Name ; Note                                                          ;
+-------------+-----------------+------------+---------------------------------------------------------------+
; 1053.74 MHz ; 450.05 MHz      ; Clock      ; limit due to minimum period restriction (max I/O toggle rate) ;
+-------------+-----------------+------------+---------------------------------------------------------------+
This panel reports FMAX for every clock in the design, regardless of the user-specified clock periods.  FMAX is only computed for paths where the source and destination registers or ports are driven by the same clock.  Paths of different clocks, including generated clocks, are ignored.  For paths between a clock and its inversion, FMAX is computed as if the rising and falling edges are scaled along with FMAX, such that the duty cycle (in terms of a percentage) is maintained. Altera recommends that you always use clock constraints and other slack reports for sign-off analysis.


+-------------------------------+
; Slow Model Setup Summary      ;
+-------+-------+---------------+
; Clock ; Slack ; End Point TNS ;
+-------+-------+---------------+
; Clock ; 0.051 ; 0.000         ;
+-------+-------+---------------+


+-------------------------------+
; Slow Model Hold Summary       ;
+-------+-------+---------------+
; Clock ; Slack ; End Point TNS ;
+-------+-------+---------------+
; Clock ; 0.391 ; 0.000         ;
+-------+-------+---------------+


-------------------------------
; Slow Model Recovery Summary ;
-------------------------------
No paths to report.


------------------------------
; Slow Model Removal Summary ;
------------------------------
No paths to report.


+----------------------------------------+
; Slow Model Minimum Pulse Width Summary ;
+-------+--------+-----------------------+
; Clock ; Slack  ; End Point TNS         ;
+-------+--------+-----------------------+
; Clock ; -1.222 ; -17.222               ;
+-------+--------+-----------------------+


+---------------------------------------------------------------------------------------------------------------------+
; Slow Model Setup: 'Clock'                                                                                           ;
+-------+-------------------+-------------------+--------------+-------------+--------------+------------+------------+
; Slack ; From Node         ; To Node           ; Launch Clock ; Latch Clock ; Relationship ; Clock Skew ; Data Delay ;
+-------+-------------------+-------------------+--------------+-------------+--------------+------------+------------+
; 0.051 ; FSM:inst2|yfsm.s1 ; FSM:inst2|yfsm.s2 ; Clock        ; Clock       ; 1.000        ; 0.000      ; 0.985      ;
; 0.059 ; FSM:inst2|yfsm.s2 ; FSM:inst2|yfsm.s3 ; Clock        ; Clock       ; 1.000        ; 0.000      ; 0.977      ;
; 0.238 ; FSM:inst2|yfsm.s4 ; FSM:inst2|yfsm.s5 ; Clock        ; Clock       ; 1.000        ; 0.000      ; 0.798      ;
; 0.240 ; FSM:inst2|yfsm.s3 ; FSM:inst2|yfsm.s4 ; Clock        ; Clock       ; 1.000        ; 0.000      ; 0.796      ;
; 0.244 ; FSM:inst2|yfsm.s7 ; FSM:inst2|yfsm.s0 ; Clock        ; Clock       ; 1.000        ; 0.000      ; 0.792      ;
; 0.246 ; FSM:inst2|yfsm.s6 ; FSM:inst2|yfsm.s7 ; Clock        ; Clock       ; 1.000        ; 0.000      ; 0.790      ;
; 0.249 ; FSM:inst2|yfsm.s0 ; FSM:inst2|yfsm.s1 ; Clock        ; Clock       ; 1.000        ; 0.000      ; 0.787      ;
; 0.252 ; FSM:inst2|yfsm.s5 ; FSM:inst2|yfsm.s6 ; Clock        ; Clock       ; 1.000        ; 0.000      ; 0.784      ;
; 0.379 ; FSM:inst2|yfsm.s2 ; FSM:inst2|yfsm.s2 ; Clock        ; Clock       ; 1.000        ; 0.000      ; 0.657      ;
; 0.379 ; FSM:inst2|yfsm.s3 ; FSM:inst2|yfsm.s3 ; Clock        ; Clock       ; 1.000        ; 0.000      ; 0.657      ;
; 0.379 ; FSM:inst2|yfsm.s5 ; FSM:inst2|yfsm.s5 ; Clock        ; Clock       ; 1.000        ; 0.000      ; 0.657      ;
; 0.379 ; FSM:inst2|yfsm.s4 ; FSM:inst2|yfsm.s4 ; Clock        ; Clock       ; 1.000        ; 0.000      ; 0.657      ;
; 0.379 ; FSM:inst2|yfsm.s0 ; FSM:inst2|yfsm.s0 ; Clock        ; Clock       ; 1.000        ; 0.000      ; 0.657      ;
; 0.379 ; FSM:inst2|yfsm.s7 ; FSM:inst2|yfsm.s7 ; Clock        ; Clock       ; 1.000        ; 0.000      ; 0.657      ;
; 0.379 ; FSM:inst2|yfsm.s1 ; FSM:inst2|yfsm.s1 ; Clock        ; Clock       ; 1.000        ; 0.000      ; 0.657      ;
; 0.379 ; FSM:inst2|yfsm.s6 ; FSM:inst2|yfsm.s6 ; Clock        ; Clock       ; 1.000        ; 0.000      ; 0.657      ;
+-------+-------------------+-------------------+--------------+-------------+--------------+------------+------------+


+---------------------------------------------------------------------------------------------------------------------+
; Slow Model Hold: 'Clock'                                                                                            ;
+-------+-------------------+-------------------+--------------+-------------+--------------+------------+------------+
; Slack ; From Node         ; To Node           ; Launch Clock ; Latch Clock ; Relationship ; Clock Skew ; Data Delay ;
+-------+-------------------+-------------------+--------------+-------------+--------------+------------+------------+
; 0.391 ; FSM:inst2|yfsm.s4 ; FSM:inst2|yfsm.s4 ; Clock        ; Clock       ; 0.000        ; 0.000      ; 0.657      ;
; 0.391 ; FSM:inst2|yfsm.s5 ; FSM:inst2|yfsm.s5 ; Clock        ; Clock       ; 0.000        ; 0.000      ; 0.657      ;
; 0.391 ; FSM:inst2|yfsm.s6 ; FSM:inst2|yfsm.s6 ; Clock        ; Clock       ; 0.000        ; 0.000      ; 0.657      ;
; 0.391 ; FSM:inst2|yfsm.s7 ; FSM:inst2|yfsm.s7 ; Clock        ; Clock       ; 0.000        ; 0.000      ; 0.657      ;
; 0.391 ; FSM:inst2|yfsm.s0 ; FSM:inst2|yfsm.s0 ; Clock        ; Clock       ; 0.000        ; 0.000      ; 0.657      ;
; 0.391 ; FSM:inst2|yfsm.s1 ; FSM:inst2|yfsm.s1 ; Clock        ; Clock       ; 0.000        ; 0.000      ; 0.657      ;
; 0.391 ; FSM:inst2|yfsm.s2 ; FSM:inst2|yfsm.s2 ; Clock        ; Clock       ; 0.000        ; 0.000      ; 0.657      ;
; 0.391 ; FSM:inst2|yfsm.s3 ; FSM:inst2|yfsm.s3 ; Clock        ; Clock       ; 0.000        ; 0.000      ; 0.657      ;
; 0.518 ; FSM:inst2|yfsm.s5 ; FSM:inst2|yfsm.s6 ; Clock        ; Clock       ; 0.000        ; 0.000      ; 0.784      ;
; 0.521 ; FSM:inst2|yfsm.s0 ; FSM:inst2|yfsm.s1 ; Clock        ; Clock       ; 0.000        ; 0.000      ; 0.787      ;
; 0.524 ; FSM:inst2|yfsm.s6 ; FSM:inst2|yfsm.s7 ; Clock        ; Clock       ; 0.000        ; 0.000      ; 0.790      ;
; 0.526 ; FSM:inst2|yfsm.s7 ; FSM:inst2|yfsm.s0 ; Clock        ; Clock       ; 0.000        ; 0.000      ; 0.792      ;
; 0.530 ; FSM:inst2|yfsm.s3 ; FSM:inst2|yfsm.s4 ; Clock        ; Clock       ; 0.000        ; 0.000      ; 0.796      ;
; 0.532 ; FSM:inst2|yfsm.s4 ; FSM:inst2|yfsm.s5 ; Clock        ; Clock       ; 0.000        ; 0.000      ; 0.798      ;
; 0.711 ; FSM:inst2|yfsm.s2 ; FSM:inst2|yfsm.s3 ; Clock        ; Clock       ; 0.000        ; 0.000      ; 0.977      ;
; 0.719 ; FSM:inst2|yfsm.s1 ; FSM:inst2|yfsm.s2 ; Clock        ; Clock       ; 0.000        ; 0.000      ; 0.985      ;
+-------+-------------------+-------------------+--------------+-------------+--------------+------------+------------+


+-------------------------------------------------------------------------------------------------------+
; Slow Model Minimum Pulse Width: 'Clock'                                                               ;
+--------+--------------+----------------+------------------+-------+------------+----------------------+
; Slack  ; Actual Width ; Required Width ; Type             ; Clock ; Clock Edge ; Target               ;
+--------+--------------+----------------+------------------+-------+------------+----------------------+
; -1.222 ; 1.000        ; 2.222          ; Port Rate        ; Clock ; Rise       ; Clock                ;
; -0.500 ; 0.500        ; 1.000          ; High Pulse Width ; Clock ; Rise       ; FSM:inst2|yfsm.s0    ;
; -0.500 ; 0.500        ; 1.000          ; Low Pulse Width  ; Clock ; Rise       ; FSM:inst2|yfsm.s0    ;
; -0.500 ; 0.500        ; 1.000          ; High Pulse Width ; Clock ; Rise       ; FSM:inst2|yfsm.s1    ;
; -0.500 ; 0.500        ; 1.000          ; Low Pulse Width  ; Clock ; Rise       ; FSM:inst2|yfsm.s1    ;
; -0.500 ; 0.500        ; 1.000          ; High Pulse Width ; Clock ; Rise       ; FSM:inst2|yfsm.s2    ;
; -0.500 ; 0.500        ; 1.000          ; Low Pulse Width  ; Clock ; Rise       ; FSM:inst2|yfsm.s2    ;
; -0.500 ; 0.500        ; 1.000          ; High Pulse Width ; Clock ; Rise       ; FSM:inst2|yfsm.s3    ;
; -0.500 ; 0.500        ; 1.000          ; Low Pulse Width  ; Clock ; Rise       ; FSM:inst2|yfsm.s3    ;
; -0.500 ; 0.500        ; 1.000          ; High Pulse Width ; Clock ; Rise       ; FSM:inst2|yfsm.s4    ;
; -0.500 ; 0.500        ; 1.000          ; Low Pulse Width  ; Clock ; Rise       ; FSM:inst2|yfsm.s4    ;
; -0.500 ; 0.500        ; 1.000          ; High Pulse Width ; Clock ; Rise       ; FSM:inst2|yfsm.s5    ;
; -0.500 ; 0.500        ; 1.000          ; Low Pulse Width  ; Clock ; Rise       ; FSM:inst2|yfsm.s5    ;
; -0.500 ; 0.500        ; 1.000          ; High Pulse Width ; Clock ; Rise       ; FSM:inst2|yfsm.s6    ;
; -0.500 ; 0.500        ; 1.000          ; Low Pulse Width  ; Clock ; Rise       ; FSM:inst2|yfsm.s6    ;
; -0.500 ; 0.500        ; 1.000          ; High Pulse Width ; Clock ; Rise       ; FSM:inst2|yfsm.s7    ;
; -0.500 ; 0.500        ; 1.000          ; Low Pulse Width  ; Clock ; Rise       ; FSM:inst2|yfsm.s7    ;
; -0.500 ; 0.500        ; 1.000          ; High Pulse Width ; Clock ; Rise       ; register1:inst5|Q[0] ;
; -0.500 ; 0.500        ; 1.000          ; Low Pulse Width  ; Clock ; Rise       ; register1:inst5|Q[0] ;
; -0.500 ; 0.500        ; 1.000          ; High Pulse Width ; Clock ; Rise       ; register1:inst5|Q[1] ;
; -0.500 ; 0.500        ; 1.000          ; Low Pulse Width  ; Clock ; Rise       ; register1:inst5|Q[1] ;
; -0.500 ; 0.500        ; 1.000          ; High Pulse Width ; Clock ; Rise       ; register1:inst5|Q[2] ;
; -0.500 ; 0.500        ; 1.000          ; Low Pulse Width  ; Clock ; Rise       ; register1:inst5|Q[2] ;
; -0.500 ; 0.500        ; 1.000          ; High Pulse Width ; Clock ; Rise       ; register1:inst5|Q[3] ;
; -0.500 ; 0.500        ; 1.000          ; Low Pulse Width  ; Clock ; Rise       ; register1:inst5|Q[3] ;
; -0.500 ; 0.500        ; 1.000          ; High Pulse Width ; Clock ; Rise       ; register1:inst5|Q[4] ;
; -0.500 ; 0.500        ; 1.000          ; Low Pulse Width  ; Clock ; Rise       ; register1:inst5|Q[4] ;
; -0.500 ; 0.500        ; 1.000          ; High Pulse Width ; Clock ; Rise       ; register1:inst5|Q[5] ;
; -0.500 ; 0.500        ; 1.000          ; Low Pulse Width  ; Clock ; Rise       ; register1:inst5|Q[5] ;
; -0.500 ; 0.500        ; 1.000          ; High Pulse Width ; Clock ; Rise       ; register1:inst5|Q[6] ;
; -0.500 ; 0.500        ; 1.000          ; Low Pulse Width  ; Clock ; Rise       ; register1:inst5|Q[6] ;
; -0.500 ; 0.500        ; 1.000          ; High Pulse Width ; Clock ; Rise       ; register1:inst5|Q[7] ;
; -0.500 ; 0.500        ; 1.000          ; Low Pulse Width  ; Clock ; Rise       ; register1:inst5|Q[7] ;
; 0.500  ; 0.500        ; 0.000          ; High Pulse Width ; Clock ; Rise       ; Clock|combout        ;
; 0.500  ; 0.500        ; 0.000          ; Low Pulse Width  ; Clock ; Rise       ; Clock|combout        ;
; 0.500  ; 0.500        ; 0.000          ; High Pulse Width ; Clock ; Rise       ; inst2|yfsm.s0|clk    ;
; 0.500  ; 0.500        ; 0.000          ; Low Pulse Width  ; Clock ; Rise       ; inst2|yfsm.s0|clk    ;
; 0.500  ; 0.500        ; 0.000          ; High Pulse Width ; Clock ; Rise       ; inst2|yfsm.s1|clk    ;
; 0.500  ; 0.500        ; 0.000          ; Low Pulse Width  ; Clock ; Rise       ; inst2|yfsm.s1|clk    ;
; 0.500  ; 0.500        ; 0.000          ; High Pulse Width ; Clock ; Rise       ; inst2|yfsm.s2|clk    ;
; 0.500  ; 0.500        ; 0.000          ; Low Pulse Width  ; Clock ; Rise       ; inst2|yfsm.s2|clk    ;
; 0.500  ; 0.500        ; 0.000          ; High Pulse Width ; Clock ; Rise       ; inst2|yfsm.s3|clk    ;
; 0.500  ; 0.500        ; 0.000          ; Low Pulse Width  ; Clock ; Rise       ; inst2|yfsm.s3|clk    ;
; 0.500  ; 0.500        ; 0.000          ; High Pulse Width ; Clock ; Rise       ; inst2|yfsm.s4|clk    ;
; 0.500  ; 0.500        ; 0.000          ; Low Pulse Width  ; Clock ; Rise       ; inst2|yfsm.s4|clk    ;
; 0.500  ; 0.500        ; 0.000          ; High Pulse Width ; Clock ; Rise       ; inst2|yfsm.s5|clk    ;
; 0.500  ; 0.500        ; 0.000          ; Low Pulse Width  ; Clock ; Rise       ; inst2|yfsm.s5|clk    ;
; 0.500  ; 0.500        ; 0.000          ; High Pulse Width ; Clock ; Rise       ; inst2|yfsm.s6|clk    ;
; 0.500  ; 0.500        ; 0.000          ; Low Pulse Width  ; Clock ; Rise       ; inst2|yfsm.s6|clk    ;
; 0.500  ; 0.500        ; 0.000          ; High Pulse Width ; Clock ; Rise       ; inst2|yfsm.s7|clk    ;
; 0.500  ; 0.500        ; 0.000          ; Low Pulse Width  ; Clock ; Rise       ; inst2|yfsm.s7|clk    ;
; 0.500  ; 0.500        ; 0.000          ; High Pulse Width ; Clock ; Rise       ; inst5|Q[0]|clk       ;
; 0.500  ; 0.500        ; 0.000          ; Low Pulse Width  ; Clock ; Rise       ; inst5|Q[0]|clk       ;
; 0.500  ; 0.500        ; 0.000          ; High Pulse Width ; Clock ; Rise       ; inst5|Q[1]|clk       ;
; 0.500  ; 0.500        ; 0.000          ; Low Pulse Width  ; Clock ; Rise       ; inst5|Q[1]|clk       ;
; 0.500  ; 0.500        ; 0.000          ; High Pulse Width ; Clock ; Rise       ; inst5|Q[2]|clk       ;
; 0.500  ; 0.500        ; 0.000          ; Low Pulse Width  ; Clock ; Rise       ; inst5|Q[2]|clk       ;
; 0.500  ; 0.500        ; 0.000          ; High Pulse Width ; Clock ; Rise       ; inst5|Q[3]|clk       ;
; 0.500  ; 0.500        ; 0.000          ; Low Pulse Width  ; Clock ; Rise       ; inst5|Q[3]|clk       ;
; 0.500  ; 0.500        ; 0.000          ; High Pulse Width ; Clock ; Rise       ; inst5|Q[4]|clk       ;
; 0.500  ; 0.500        ; 0.000          ; Low Pulse Width  ; Clock ; Rise       ; inst5|Q[4]|clk       ;
; 0.500  ; 0.500        ; 0.000          ; High Pulse Width ; Clock ; Rise       ; inst5|Q[5]|clk       ;
; 0.500  ; 0.500        ; 0.000          ; Low Pulse Width  ; Clock ; Rise       ; inst5|Q[5]|clk       ;
; 0.500  ; 0.500        ; 0.000          ; High Pulse Width ; Clock ; Rise       ; inst5|Q[6]|clk       ;
; 0.500  ; 0.500        ; 0.000          ; Low Pulse Width  ; Clock ; Rise       ; inst5|Q[6]|clk       ;
; 0.500  ; 0.500        ; 0.000          ; High Pulse Width ; Clock ; Rise       ; inst5|Q[7]|clk       ;
; 0.500  ; 0.500        ; 0.000          ; Low Pulse Width  ; Clock ; Rise       ; inst5|Q[7]|clk       ;
+--------+--------------+----------------+------------------+-------+------------+----------------------+


+------------------------------------------------------------------------+
; Setup Times                                                            ;
+------------+------------+-------+-------+------------+-----------------+
; Data Port  ; Clock Port ; Rise  ; Fall  ; Clock Edge ; Clock Reference ;
+------------+------------+-------+-------+------------+-----------------+
; B[*]       ; Clock      ; 1.646 ; 1.646 ; Rise       ; Clock           ;
;  B[0]      ; Clock      ; 0.229 ; 0.229 ; Rise       ; Clock           ;
;  B[1]      ; Clock      ; 0.081 ; 0.081 ; Rise       ; Clock           ;
;  B[2]      ; Clock      ; 0.091 ; 0.091 ; Rise       ; Clock           ;
;  B[3]      ; Clock      ; 1.352 ; 1.352 ; Rise       ; Clock           ;
;  B[4]      ; Clock      ; 1.603 ; 1.603 ; Rise       ; Clock           ;
;  B[5]      ; Clock      ; 1.646 ; 1.646 ; Rise       ; Clock           ;
;  B[6]      ; Clock      ; 1.283 ; 1.283 ; Rise       ; Clock           ;
;  B[7]      ; Clock      ; 1.022 ; 1.022 ; Rise       ; Clock           ;
; data_inFSM ; Clock      ; 4.918 ; 4.918 ; Rise       ; Clock           ;
+------------+------------+-------+-------+------------+-----------------+


+--------------------------------------------------------------------------+
; Hold Times                                                               ;
+------------+------------+--------+--------+------------+-----------------+
; Data Port  ; Clock Port ; Rise   ; Fall   ; Clock Edge ; Clock Reference ;
+------------+------------+--------+--------+------------+-----------------+
; B[*]       ; Clock      ; 0.149  ; 0.149  ; Rise       ; Clock           ;
;  B[0]      ; Clock      ; 0.001  ; 0.001  ; Rise       ; Clock           ;
;  B[1]      ; Clock      ; 0.149  ; 0.149  ; Rise       ; Clock           ;
;  B[2]      ; Clock      ; 0.139  ; 0.139  ; Rise       ; Clock           ;
;  B[3]      ; Clock      ; -1.122 ; -1.122 ; Rise       ; Clock           ;
;  B[4]      ; Clock      ; -1.373 ; -1.373 ; Rise       ; Clock           ;
;  B[5]      ; Clock      ; -1.416 ; -1.416 ; Rise       ; Clock           ;
;  B[6]      ; Clock      ; -1.053 ; -1.053 ; Rise       ; Clock           ;
;  B[7]      ; Clock      ; -0.792 ; -0.792 ; Rise       ; Clock           ;
; data_inFSM ; Clock      ; -4.652 ; -4.652 ; Rise       ; Clock           ;
+------------+------------+--------+--------+------------+-----------------+


+-------------------------------------------------------------------------------------+
; Clock to Output Times                                                               ;
+-----------------------+------------+--------+--------+------------+-----------------+
; Data Port             ; Clock Port ; Rise   ; Fall   ; Clock Edge ; Clock Reference ;
+-----------------------+------------+--------+--------+------------+-----------------+
; StudentID_Display[*]  ; Clock      ; 12.215 ; 12.215 ; Rise       ; Clock           ;
;  StudentID_Display[0] ; Clock      ; 12.203 ; 12.203 ; Rise       ; Clock           ;
;  StudentID_Display[1] ; Clock      ; 12.211 ; 12.211 ; Rise       ; Clock           ;
;  StudentID_Display[2] ; Clock      ; 12.215 ; 12.215 ; Rise       ; Clock           ;
;  StudentID_Display[3] ; Clock      ; 12.188 ; 12.188 ; Rise       ; Clock           ;
;  StudentID_Display[4] ; Clock      ; 12.079 ; 12.079 ; Rise       ; Clock           ;
;  StudentID_Display[5] ; Clock      ; 12.200 ; 12.200 ; Rise       ; Clock           ;
;  StudentID_Display[6] ; Clock      ; 11.911 ; 11.911 ; Rise       ; Clock           ;
; display[*]            ; Clock      ; 13.420 ; 13.420 ; Rise       ; Clock           ;
;  display[1]           ; Clock      ; 13.395 ; 13.395 ; Rise       ; Clock           ;
;  display[3]           ; Clock      ; 13.420 ; 13.420 ; Rise       ; Clock           ;
;  display[4]           ; Clock      ; 13.420 ; 13.420 ; Rise       ; Clock           ;
;  display[5]           ; Clock      ; 13.410 ; 13.410 ; Rise       ; Clock           ;
+-----------------------+------------+--------+--------+------------+-----------------+


+-------------------------------------------------------------------------------------+
; Minimum Clock to Output Times                                                       ;
+-----------------------+------------+--------+--------+------------+-----------------+
; Data Port             ; Clock Port ; Rise   ; Fall   ; Clock Edge ; Clock Reference ;
+-----------------------+------------+--------+--------+------------+-----------------+
; StudentID_Display[*]  ; Clock      ; 10.371 ; 10.371 ; Rise       ; Clock           ;
;  StudentID_Display[0] ; Clock      ; 10.663 ; 10.663 ; Rise       ; Clock           ;
;  StudentID_Display[1] ; Clock      ; 10.627 ; 10.627 ; Rise       ; Clock           ;
;  StudentID_Display[2] ; Clock      ; 10.632 ; 10.632 ; Rise       ; Clock           ;
;  StudentID_Display[3] ; Clock      ; 10.648 ; 10.648 ; Rise       ; Clock           ;
;  StudentID_Display[4] ; Clock      ; 10.544 ; 10.544 ; Rise       ; Clock           ;
;  StudentID_Display[5] ; Clock      ; 10.662 ; 10.662 ; Rise       ; Clock           ;
;  StudentID_Display[6] ; Clock      ; 10.371 ; 10.371 ; Rise       ; Clock           ;
; display[*]            ; Clock      ; 10.531 ; 10.531 ; Rise       ; Clock           ;
;  display[1]           ; Clock      ; 10.531 ; 10.531 ; Rise       ; Clock           ;
;  display[3]           ; Clock      ; 10.556 ; 10.556 ; Rise       ; Clock           ;
;  display[4]           ; Clock      ; 10.556 ; 10.556 ; Rise       ; Clock           ;
;  display[5]           ; Clock      ; 10.546 ; 10.546 ; Rise       ; Clock           ;
+-----------------------+------------+--------+--------+------------+-----------------+


+--------------------------------------------------------------+
; Propagation Delay                                            ;
+------------+-------------+--------+--------+--------+--------+
; Input Port ; Output Port ; RR     ; RF     ; FR     ; FF     ;
+------------+-------------+--------+--------+--------+--------+
; ResetFSM   ; display[1]  ;        ; 14.573 ; 14.573 ;        ;
; ResetFSM   ; display[3]  ;        ; 14.598 ; 14.598 ;        ;
; ResetFSM   ; display[4]  ; 14.598 ;        ;        ; 14.598 ;
; ResetFSM   ; display[5]  ;        ; 14.588 ; 14.588 ;        ;
+------------+-------------+--------+--------+--------+--------+


+--------------------------------------------------------------+
; Minimum Propagation Delay                                    ;
+------------+-------------+--------+--------+--------+--------+
; Input Port ; Output Port ; RR     ; RF     ; FR     ; FF     ;
+------------+-------------+--------+--------+--------+--------+
; ResetFSM   ; display[1]  ;        ; 13.736 ; 13.736 ;        ;
; ResetFSM   ; display[3]  ;        ; 13.761 ; 13.761 ;        ;
; ResetFSM   ; display[4]  ; 13.761 ;        ;        ; 13.761 ;
; ResetFSM   ; display[5]  ;        ; 13.751 ; 13.751 ;        ;
+------------+-------------+--------+--------+--------+--------+


+-------------------------------+
; Fast Model Setup Summary      ;
+-------+-------+---------------+
; Clock ; Slack ; End Point TNS ;
+-------+-------+---------------+
; Clock ; 0.554 ; 0.000         ;
+-------+-------+---------------+


+-------------------------------+
; Fast Model Hold Summary       ;
+-------+-------+---------------+
; Clock ; Slack ; End Point TNS ;
+-------+-------+---------------+
; Clock ; 0.215 ; 0.000         ;
+-------+-------+---------------+


-------------------------------
; Fast Model Recovery Summary ;
-------------------------------
No paths to report.


------------------------------
; Fast Model Removal Summary ;
------------------------------
No paths to report.


+----------------------------------------+
; Fast Model Minimum Pulse Width Summary ;
+-------+--------+-----------------------+
; Clock ; Slack  ; End Point TNS         ;
+-------+--------+-----------------------+
; Clock ; -1.222 ; -17.222               ;
+-------+--------+-----------------------+


+---------------------------------------------------------------------------------------------------------------------+
; Fast Model Setup: 'Clock'                                                                                           ;
+-------+-------------------+-------------------+--------------+-------------+--------------+------------+------------+
; Slack ; From Node         ; To Node           ; Launch Clock ; Latch Clock ; Relationship ; Clock Skew ; Data Delay ;
+-------+-------------------+-------------------+--------------+-------------+--------------+------------+------------+
; 0.554 ; FSM:inst2|yfsm.s1 ; FSM:inst2|yfsm.s2 ; Clock        ; Clock       ; 1.000        ; 0.000      ; 0.478      ;
; 0.556 ; FSM:inst2|yfsm.s2 ; FSM:inst2|yfsm.s3 ; Clock        ; Clock       ; 1.000        ; 0.000      ; 0.476      ;
; 0.635 ; FSM:inst2|yfsm.s4 ; FSM:inst2|yfsm.s5 ; Clock        ; Clock       ; 1.000        ; 0.000      ; 0.397      ;
; 0.637 ; FSM:inst2|yfsm.s3 ; FSM:inst2|yfsm.s4 ; Clock        ; Clock       ; 1.000        ; 0.000      ; 0.395      ;
; 0.638 ; FSM:inst2|yfsm.s6 ; FSM:inst2|yfsm.s7 ; Clock        ; Clock       ; 1.000        ; 0.000      ; 0.394      ;
; 0.639 ; FSM:inst2|yfsm.s7 ; FSM:inst2|yfsm.s0 ; Clock        ; Clock       ; 1.000        ; 0.000      ; 0.393      ;
; 0.640 ; FSM:inst2|yfsm.s0 ; FSM:inst2|yfsm.s1 ; Clock        ; Clock       ; 1.000        ; 0.000      ; 0.392      ;
; 0.642 ; FSM:inst2|yfsm.s5 ; FSM:inst2|yfsm.s6 ; Clock        ; Clock       ; 1.000        ; 0.000      ; 0.390      ;
; 0.665 ; FSM:inst2|yfsm.s2 ; FSM:inst2|yfsm.s2 ; Clock        ; Clock       ; 1.000        ; 0.000      ; 0.367      ;
; 0.665 ; FSM:inst2|yfsm.s3 ; FSM:inst2|yfsm.s3 ; Clock        ; Clock       ; 1.000        ; 0.000      ; 0.367      ;
; 0.665 ; FSM:inst2|yfsm.s5 ; FSM:inst2|yfsm.s5 ; Clock        ; Clock       ; 1.000        ; 0.000      ; 0.367      ;
; 0.665 ; FSM:inst2|yfsm.s4 ; FSM:inst2|yfsm.s4 ; Clock        ; Clock       ; 1.000        ; 0.000      ; 0.367      ;
; 0.665 ; FSM:inst2|yfsm.s7 ; FSM:inst2|yfsm.s7 ; Clock        ; Clock       ; 1.000        ; 0.000      ; 0.367      ;
; 0.665 ; FSM:inst2|yfsm.s0 ; FSM:inst2|yfsm.s0 ; Clock        ; Clock       ; 1.000        ; 0.000      ; 0.367      ;
; 0.665 ; FSM:inst2|yfsm.s1 ; FSM:inst2|yfsm.s1 ; Clock        ; Clock       ; 1.000        ; 0.000      ; 0.367      ;
; 0.665 ; FSM:inst2|yfsm.s6 ; FSM:inst2|yfsm.s6 ; Clock        ; Clock       ; 1.000        ; 0.000      ; 0.367      ;
+-------+-------------------+-------------------+--------------+-------------+--------------+------------+------------+


+---------------------------------------------------------------------------------------------------------------------+
; Fast Model Hold: 'Clock'                                                                                            ;
+-------+-------------------+-------------------+--------------+-------------+--------------+------------+------------+
; Slack ; From Node         ; To Node           ; Launch Clock ; Latch Clock ; Relationship ; Clock Skew ; Data Delay ;
+-------+-------------------+-------------------+--------------+-------------+--------------+------------+------------+
; 0.215 ; FSM:inst2|yfsm.s4 ; FSM:inst2|yfsm.s4 ; Clock        ; Clock       ; 0.000        ; 0.000      ; 0.367      ;
; 0.215 ; FSM:inst2|yfsm.s5 ; FSM:inst2|yfsm.s5 ; Clock        ; Clock       ; 0.000        ; 0.000      ; 0.367      ;
; 0.215 ; FSM:inst2|yfsm.s6 ; FSM:inst2|yfsm.s6 ; Clock        ; Clock       ; 0.000        ; 0.000      ; 0.367      ;
; 0.215 ; FSM:inst2|yfsm.s7 ; FSM:inst2|yfsm.s7 ; Clock        ; Clock       ; 0.000        ; 0.000      ; 0.367      ;
; 0.215 ; FSM:inst2|yfsm.s0 ; FSM:inst2|yfsm.s0 ; Clock        ; Clock       ; 0.000        ; 0.000      ; 0.367      ;
; 0.215 ; FSM:inst2|yfsm.s1 ; FSM:inst2|yfsm.s1 ; Clock        ; Clock       ; 0.000        ; 0.000      ; 0.367      ;
; 0.215 ; FSM:inst2|yfsm.s2 ; FSM:inst2|yfsm.s2 ; Clock        ; Clock       ; 0.000        ; 0.000      ; 0.367      ;
; 0.215 ; FSM:inst2|yfsm.s3 ; FSM:inst2|yfsm.s3 ; Clock        ; Clock       ; 0.000        ; 0.000      ; 0.367      ;
; 0.238 ; FSM:inst2|yfsm.s5 ; FSM:inst2|yfsm.s6 ; Clock        ; Clock       ; 0.000        ; 0.000      ; 0.390      ;
; 0.240 ; FSM:inst2|yfsm.s0 ; FSM:inst2|yfsm.s1 ; Clock        ; Clock       ; 0.000        ; 0.000      ; 0.392      ;
; 0.241 ; FSM:inst2|yfsm.s7 ; FSM:inst2|yfsm.s0 ; Clock        ; Clock       ; 0.000        ; 0.000      ; 0.393      ;
; 0.242 ; FSM:inst2|yfsm.s6 ; FSM:inst2|yfsm.s7 ; Clock        ; Clock       ; 0.000        ; 0.000      ; 0.394      ;
; 0.243 ; FSM:inst2|yfsm.s3 ; FSM:inst2|yfsm.s4 ; Clock        ; Clock       ; 0.000        ; 0.000      ; 0.395      ;
; 0.245 ; FSM:inst2|yfsm.s4 ; FSM:inst2|yfsm.s5 ; Clock        ; Clock       ; 0.000        ; 0.000      ; 0.397      ;
; 0.324 ; FSM:inst2|yfsm.s2 ; FSM:inst2|yfsm.s3 ; Clock        ; Clock       ; 0.000        ; 0.000      ; 0.476      ;
; 0.326 ; FSM:inst2|yfsm.s1 ; FSM:inst2|yfsm.s2 ; Clock        ; Clock       ; 0.000        ; 0.000      ; 0.478      ;
+-------+-------------------+-------------------+--------------+-------------+--------------+------------+------------+


+-------------------------------------------------------------------------------------------------------+
; Fast Model Minimum Pulse Width: 'Clock'                                                               ;
+--------+--------------+----------------+------------------+-------+------------+----------------------+
; Slack  ; Actual Width ; Required Width ; Type             ; Clock ; Clock Edge ; Target               ;
+--------+--------------+----------------+------------------+-------+------------+----------------------+
; -1.222 ; 1.000        ; 2.222          ; Port Rate        ; Clock ; Rise       ; Clock                ;
; -0.500 ; 0.500        ; 1.000          ; High Pulse Width ; Clock ; Rise       ; FSM:inst2|yfsm.s0    ;
; -0.500 ; 0.500        ; 1.000          ; Low Pulse Width  ; Clock ; Rise       ; FSM:inst2|yfsm.s0    ;
; -0.500 ; 0.500        ; 1.000          ; High Pulse Width ; Clock ; Rise       ; FSM:inst2|yfsm.s1    ;
; -0.500 ; 0.500        ; 1.000          ; Low Pulse Width  ; Clock ; Rise       ; FSM:inst2|yfsm.s1    ;
; -0.500 ; 0.500        ; 1.000          ; High Pulse Width ; Clock ; Rise       ; FSM:inst2|yfsm.s2    ;
; -0.500 ; 0.500        ; 1.000          ; Low Pulse Width  ; Clock ; Rise       ; FSM:inst2|yfsm.s2    ;
; -0.500 ; 0.500        ; 1.000          ; High Pulse Width ; Clock ; Rise       ; FSM:inst2|yfsm.s3    ;
; -0.500 ; 0.500        ; 1.000          ; Low Pulse Width  ; Clock ; Rise       ; FSM:inst2|yfsm.s3    ;
; -0.500 ; 0.500        ; 1.000          ; High Pulse Width ; Clock ; Rise       ; FSM:inst2|yfsm.s4    ;
; -0.500 ; 0.500        ; 1.000          ; Low Pulse Width  ; Clock ; Rise       ; FSM:inst2|yfsm.s4    ;
; -0.500 ; 0.500        ; 1.000          ; High Pulse Width ; Clock ; Rise       ; FSM:inst2|yfsm.s5    ;
; -0.500 ; 0.500        ; 1.000          ; Low Pulse Width  ; Clock ; Rise       ; FSM:inst2|yfsm.s5    ;
; -0.500 ; 0.500        ; 1.000          ; High Pulse Width ; Clock ; Rise       ; FSM:inst2|yfsm.s6    ;
; -0.500 ; 0.500        ; 1.000          ; Low Pulse Width  ; Clock ; Rise       ; FSM:inst2|yfsm.s6    ;
; -0.500 ; 0.500        ; 1.000          ; High Pulse Width ; Clock ; Rise       ; FSM:inst2|yfsm.s7    ;
; -0.500 ; 0.500        ; 1.000          ; Low Pulse Width  ; Clock ; Rise       ; FSM:inst2|yfsm.s7    ;
; -0.500 ; 0.500        ; 1.000          ; High Pulse Width ; Clock ; Rise       ; register1:inst5|Q[0] ;
; -0.500 ; 0.500        ; 1.000          ; Low Pulse Width  ; Clock ; Rise       ; register1:inst5|Q[0] ;
; -0.500 ; 0.500        ; 1.000          ; High Pulse Width ; Clock ; Rise       ; register1:inst5|Q[1] ;
; -0.500 ; 0.500        ; 1.000          ; Low Pulse Width  ; Clock ; Rise       ; register1:inst5|Q[1] ;
; -0.500 ; 0.500        ; 1.000          ; High Pulse Width ; Clock ; Rise       ; register1:inst5|Q[2] ;
; -0.500 ; 0.500        ; 1.000          ; Low Pulse Width  ; Clock ; Rise       ; register1:inst5|Q[2] ;
; -0.500 ; 0.500        ; 1.000          ; High Pulse Width ; Clock ; Rise       ; register1:inst5|Q[3] ;
; -0.500 ; 0.500        ; 1.000          ; Low Pulse Width  ; Clock ; Rise       ; register1:inst5|Q[3] ;
; -0.500 ; 0.500        ; 1.000          ; High Pulse Width ; Clock ; Rise       ; register1:inst5|Q[4] ;
; -0.500 ; 0.500        ; 1.000          ; Low Pulse Width  ; Clock ; Rise       ; register1:inst5|Q[4] ;
; -0.500 ; 0.500        ; 1.000          ; High Pulse Width ; Clock ; Rise       ; register1:inst5|Q[5] ;
; -0.500 ; 0.500        ; 1.000          ; Low Pulse Width  ; Clock ; Rise       ; register1:inst5|Q[5] ;
; -0.500 ; 0.500        ; 1.000          ; High Pulse Width ; Clock ; Rise       ; register1:inst5|Q[6] ;
; -0.500 ; 0.500        ; 1.000          ; Low Pulse Width  ; Clock ; Rise       ; register1:inst5|Q[6] ;
; -0.500 ; 0.500        ; 1.000          ; High Pulse Width ; Clock ; Rise       ; register1:inst5|Q[7] ;
; -0.500 ; 0.500        ; 1.000          ; Low Pulse Width  ; Clock ; Rise       ; register1:inst5|Q[7] ;
; 0.500  ; 0.500        ; 0.000          ; High Pulse Width ; Clock ; Rise       ; Clock|combout        ;
; 0.500  ; 0.500        ; 0.000          ; Low Pulse Width  ; Clock ; Rise       ; Clock|combout        ;
; 0.500  ; 0.500        ; 0.000          ; High Pulse Width ; Clock ; Rise       ; inst2|yfsm.s0|clk    ;
; 0.500  ; 0.500        ; 0.000          ; Low Pulse Width  ; Clock ; Rise       ; inst2|yfsm.s0|clk    ;
; 0.500  ; 0.500        ; 0.000          ; High Pulse Width ; Clock ; Rise       ; inst2|yfsm.s1|clk    ;
; 0.500  ; 0.500        ; 0.000          ; Low Pulse Width  ; Clock ; Rise       ; inst2|yfsm.s1|clk    ;
; 0.500  ; 0.500        ; 0.000          ; High Pulse Width ; Clock ; Rise       ; inst2|yfsm.s2|clk    ;
; 0.500  ; 0.500        ; 0.000          ; Low Pulse Width  ; Clock ; Rise       ; inst2|yfsm.s2|clk    ;
; 0.500  ; 0.500        ; 0.000          ; High Pulse Width ; Clock ; Rise       ; inst2|yfsm.s3|clk    ;
; 0.500  ; 0.500        ; 0.000          ; Low Pulse Width  ; Clock ; Rise       ; inst2|yfsm.s3|clk    ;
; 0.500  ; 0.500        ; 0.000          ; High Pulse Width ; Clock ; Rise       ; inst2|yfsm.s4|clk    ;
; 0.500  ; 0.500        ; 0.000          ; Low Pulse Width  ; Clock ; Rise       ; inst2|yfsm.s4|clk    ;
; 0.500  ; 0.500        ; 0.000          ; High Pulse Width ; Clock ; Rise       ; inst2|yfsm.s5|clk    ;
; 0.500  ; 0.500        ; 0.000          ; Low Pulse Width  ; Clock ; Rise       ; inst2|yfsm.s5|clk    ;
; 0.500  ; 0.500        ; 0.000          ; High Pulse Width ; Clock ; Rise       ; inst2|yfsm.s6|clk    ;
; 0.500  ; 0.500        ; 0.000          ; Low Pulse Width  ; Clock ; Rise       ; inst2|yfsm.s6|clk    ;
; 0.500  ; 0.500        ; 0.000          ; High Pulse Width ; Clock ; Rise       ; inst2|yfsm.s7|clk    ;
; 0.500  ; 0.500        ; 0.000          ; Low Pulse Width  ; Clock ; Rise       ; inst2|yfsm.s7|clk    ;
; 0.500  ; 0.500        ; 0.000          ; High Pulse Width ; Clock ; Rise       ; inst5|Q[0]|clk       ;
; 0.500  ; 0.500        ; 0.000          ; Low Pulse Width  ; Clock ; Rise       ; inst5|Q[0]|clk       ;
; 0.500  ; 0.500        ; 0.000          ; High Pulse Width ; Clock ; Rise       ; inst5|Q[1]|clk       ;
; 0.500  ; 0.500        ; 0.000          ; Low Pulse Width  ; Clock ; Rise       ; inst5|Q[1]|clk       ;
; 0.500  ; 0.500        ; 0.000          ; High Pulse Width ; Clock ; Rise       ; inst5|Q[2]|clk       ;
; 0.500  ; 0.500        ; 0.000          ; Low Pulse Width  ; Clock ; Rise       ; inst5|Q[2]|clk       ;
; 0.500  ; 0.500        ; 0.000          ; High Pulse Width ; Clock ; Rise       ; inst5|Q[3]|clk       ;
; 0.500  ; 0.500        ; 0.000          ; Low Pulse Width  ; Clock ; Rise       ; inst5|Q[3]|clk       ;
; 0.500  ; 0.500        ; 0.000          ; High Pulse Width ; Clock ; Rise       ; inst5|Q[4]|clk       ;
; 0.500  ; 0.500        ; 0.000          ; Low Pulse Width  ; Clock ; Rise       ; inst5|Q[4]|clk       ;
; 0.500  ; 0.500        ; 0.000          ; High Pulse Width ; Clock ; Rise       ; inst5|Q[5]|clk       ;
; 0.500  ; 0.500        ; 0.000          ; Low Pulse Width  ; Clock ; Rise       ; inst5|Q[5]|clk       ;
; 0.500  ; 0.500        ; 0.000          ; High Pulse Width ; Clock ; Rise       ; inst5|Q[6]|clk       ;
; 0.500  ; 0.500        ; 0.000          ; Low Pulse Width  ; Clock ; Rise       ; inst5|Q[6]|clk       ;
; 0.500  ; 0.500        ; 0.000          ; High Pulse Width ; Clock ; Rise       ; inst5|Q[7]|clk       ;
; 0.500  ; 0.500        ; 0.000          ; Low Pulse Width  ; Clock ; Rise       ; inst5|Q[7]|clk       ;
+--------+--------------+----------------+------------------+-------+------------+----------------------+


+--------------------------------------------------------------------------+
; Setup Times                                                              ;
+------------+------------+--------+--------+------------+-----------------+
; Data Port  ; Clock Port ; Rise   ; Fall   ; Clock Edge ; Clock Reference ;
+------------+------------+--------+--------+------------+-----------------+
; B[*]       ; Clock      ; 0.816  ; 0.816  ; Rise       ; Clock           ;
;  B[0]      ; Clock      ; 0.029  ; 0.029  ; Rise       ; Clock           ;
;  B[1]      ; Clock      ; -0.063 ; -0.063 ; Rise       ; Clock           ;
;  B[2]      ; Clock      ; -0.056 ; -0.056 ; Rise       ; Clock           ;
;  B[3]      ; Clock      ; 0.630  ; 0.630  ; Rise       ; Clock           ;
;  B[4]      ; Clock      ; 0.807  ; 0.807  ; Rise       ; Clock           ;
;  B[5]      ; Clock      ; 0.816  ; 0.816  ; Rise       ; Clock           ;
;  B[6]      ; Clock      ; 0.584  ; 0.584  ; Rise       ; Clock           ;
;  B[7]      ; Clock      ; 0.427  ; 0.427  ; Rise       ; Clock           ;
; data_inFSM ; Clock      ; 2.878  ; 2.878  ; Rise       ; Clock           ;
+------------+------------+--------+--------+------------+-----------------+


+--------------------------------------------------------------------------+
; Hold Times                                                               ;
+------------+------------+--------+--------+------------+-----------------+
; Data Port  ; Clock Port ; Rise   ; Fall   ; Clock Edge ; Clock Reference ;
+------------+------------+--------+--------+------------+-----------------+
; B[*]       ; Clock      ; 0.183  ; 0.183  ; Rise       ; Clock           ;
;  B[0]      ; Clock      ; 0.091  ; 0.091  ; Rise       ; Clock           ;
;  B[1]      ; Clock      ; 0.183  ; 0.183  ; Rise       ; Clock           ;
;  B[2]      ; Clock      ; 0.176  ; 0.176  ; Rise       ; Clock           ;
;  B[3]      ; Clock      ; -0.510 ; -0.510 ; Rise       ; Clock           ;
;  B[4]      ; Clock      ; -0.687 ; -0.687 ; Rise       ; Clock           ;
;  B[5]      ; Clock      ; -0.696 ; -0.696 ; Rise       ; Clock           ;
;  B[6]      ; Clock      ; -0.464 ; -0.464 ; Rise       ; Clock           ;
;  B[7]      ; Clock      ; -0.307 ; -0.307 ; Rise       ; Clock           ;
; data_inFSM ; Clock      ; -2.750 ; -2.750 ; Rise       ; Clock           ;
+------------+------------+--------+--------+------------+-----------------+


+-----------------------------------------------------------------------------------+
; Clock to Output Times                                                             ;
+-----------------------+------------+-------+-------+------------+-----------------+
; Data Port             ; Clock Port ; Rise  ; Fall  ; Clock Edge ; Clock Reference ;
+-----------------------+------------+-------+-------+------------+-----------------+
; StudentID_Display[*]  ; Clock      ; 6.271 ; 6.271 ; Rise       ; Clock           ;
;  StudentID_Display[0] ; Clock      ; 6.235 ; 6.235 ; Rise       ; Clock           ;
;  StudentID_Display[1] ; Clock      ; 6.271 ; 6.271 ; Rise       ; Clock           ;
;  StudentID_Display[2] ; Clock      ; 6.271 ; 6.271 ; Rise       ; Clock           ;
;  StudentID_Display[3] ; Clock      ; 6.217 ; 6.217 ; Rise       ; Clock           ;
;  StudentID_Display[4] ; Clock      ; 6.183 ; 6.183 ; Rise       ; Clock           ;
;  StudentID_Display[5] ; Clock      ; 6.233 ; 6.233 ; Rise       ; Clock           ;
;  StudentID_Display[6] ; Clock      ; 6.104 ; 6.104 ; Rise       ; Clock           ;
; display[*]            ; Clock      ; 6.626 ; 6.626 ; Rise       ; Clock           ;
;  display[1]           ; Clock      ; 6.602 ; 6.602 ; Rise       ; Clock           ;
;  display[3]           ; Clock      ; 6.626 ; 6.626 ; Rise       ; Clock           ;
;  display[4]           ; Clock      ; 6.626 ; 6.626 ; Rise       ; Clock           ;
;  display[5]           ; Clock      ; 6.616 ; 6.616 ; Rise       ; Clock           ;
+-----------------------+------------+-------+-------+------------+-----------------+


+-----------------------------------------------------------------------------------+
; Minimum Clock to Output Times                                                     ;
+-----------------------+------------+-------+-------+------------+-----------------+
; Data Port             ; Clock Port ; Rise  ; Fall  ; Clock Edge ; Clock Reference ;
+-----------------------+------------+-------+-------+------------+-----------------+
; StudentID_Display[*]  ; Clock      ; 5.290 ; 5.290 ; Rise       ; Clock           ;
;  StudentID_Display[0] ; Clock      ; 5.418 ; 5.418 ; Rise       ; Clock           ;
;  StudentID_Display[1] ; Clock      ; 5.430 ; 5.430 ; Rise       ; Clock           ;
;  StudentID_Display[2] ; Clock      ; 5.432 ; 5.432 ; Rise       ; Clock           ;
;  StudentID_Display[3] ; Clock      ; 5.401 ; 5.401 ; Rise       ; Clock           ;
;  StudentID_Display[4] ; Clock      ; 5.366 ; 5.366 ; Rise       ; Clock           ;
;  StudentID_Display[5] ; Clock      ; 5.416 ; 5.416 ; Rise       ; Clock           ;
;  StudentID_Display[6] ; Clock      ; 5.290 ; 5.290 ; Rise       ; Clock           ;
; display[*]            ; Clock      ; 5.338 ; 5.338 ; Rise       ; Clock           ;
;  display[1]           ; Clock      ; 5.338 ; 5.338 ; Rise       ; Clock           ;
;  display[3]           ; Clock      ; 5.362 ; 5.362 ; Rise       ; Clock           ;
;  display[4]           ; Clock      ; 5.362 ; 5.362 ; Rise       ; Clock           ;
;  display[5]           ; Clock      ; 5.352 ; 5.352 ; Rise       ; Clock           ;
+-----------------------+------------+-------+-------+------------+-----------------+


+----------------------------------------------------------+
; Propagation Delay                                        ;
+------------+-------------+-------+-------+-------+-------+
; Input Port ; Output Port ; RR    ; RF    ; FR    ; FF    ;
+------------+-------------+-------+-------+-------+-------+
; ResetFSM   ; display[1]  ;       ; 7.649 ; 7.649 ;       ;
; ResetFSM   ; display[3]  ;       ; 7.673 ; 7.673 ;       ;
; ResetFSM   ; display[4]  ; 7.673 ;       ;       ; 7.673 ;
; ResetFSM   ; display[5]  ;       ; 7.663 ; 7.663 ;       ;
+------------+-------------+-------+-------+-------+-------+


+----------------------------------------------------------+
; Minimum Propagation Delay                                ;
+------------+-------------+-------+-------+-------+-------+
; Input Port ; Output Port ; RR    ; RF    ; FR    ; FF    ;
+------------+-------------+-------+-------+-------+-------+
; ResetFSM   ; display[1]  ;       ; 7.287 ; 7.287 ;       ;
; ResetFSM   ; display[3]  ;       ; 7.311 ; 7.311 ;       ;
; ResetFSM   ; display[4]  ; 7.311 ;       ;       ; 7.311 ;
; ResetFSM   ; display[5]  ;       ; 7.301 ; 7.301 ;       ;
+------------+-------------+-------+-------+-------+-------+


+-----------------------------------------------------------------------------+
; Multicorner Timing Analysis Summary                                         ;
+------------------+-------+-------+----------+---------+---------------------+
; Clock            ; Setup ; Hold  ; Recovery ; Removal ; Minimum Pulse Width ;
+------------------+-------+-------+----------+---------+---------------------+
; Worst-case Slack ; 0.051 ; 0.215 ; N/A      ; N/A     ; -1.222              ;
;  Clock           ; 0.051 ; 0.215 ; N/A      ; N/A     ; -1.222              ;
; Design-wide TNS  ; 0.0   ; 0.0   ; 0.0      ; 0.0     ; -17.222             ;
;  Clock           ; 0.000 ; 0.000 ; N/A      ; N/A     ; -17.222             ;
+------------------+-------+-------+----------+---------+---------------------+


+------------------------------------------------------------------------+
; Setup Times                                                            ;
+------------+------------+-------+-------+------------+-----------------+
; Data Port  ; Clock Port ; Rise  ; Fall  ; Clock Edge ; Clock Reference ;
+------------+------------+-------+-------+------------+-----------------+
; B[*]       ; Clock      ; 1.646 ; 1.646 ; Rise       ; Clock           ;
;  B[0]      ; Clock      ; 0.229 ; 0.229 ; Rise       ; Clock           ;
;  B[1]      ; Clock      ; 0.081 ; 0.081 ; Rise       ; Clock           ;
;  B[2]      ; Clock      ; 0.091 ; 0.091 ; Rise       ; Clock           ;
;  B[3]      ; Clock      ; 1.352 ; 1.352 ; Rise       ; Clock           ;
;  B[4]      ; Clock      ; 1.603 ; 1.603 ; Rise       ; Clock           ;
;  B[5]      ; Clock      ; 1.646 ; 1.646 ; Rise       ; Clock           ;
;  B[6]      ; Clock      ; 1.283 ; 1.283 ; Rise       ; Clock           ;
;  B[7]      ; Clock      ; 1.022 ; 1.022 ; Rise       ; Clock           ;
; data_inFSM ; Clock      ; 4.918 ; 4.918 ; Rise       ; Clock           ;
+------------+------------+-------+-------+------------+-----------------+


+--------------------------------------------------------------------------+
; Hold Times                                                               ;
+------------+------------+--------+--------+------------+-----------------+
; Data Port  ; Clock Port ; Rise   ; Fall   ; Clock Edge ; Clock Reference ;
+------------+------------+--------+--------+------------+-----------------+
; B[*]       ; Clock      ; 0.183  ; 0.183  ; Rise       ; Clock           ;
;  B[0]      ; Clock      ; 0.091  ; 0.091  ; Rise       ; Clock           ;
;  B[1]      ; Clock      ; 0.183  ; 0.183  ; Rise       ; Clock           ;
;  B[2]      ; Clock      ; 0.176  ; 0.176  ; Rise       ; Clock           ;
;  B[3]      ; Clock      ; -0.510 ; -0.510 ; Rise       ; Clock           ;
;  B[4]      ; Clock      ; -0.687 ; -0.687 ; Rise       ; Clock           ;
;  B[5]      ; Clock      ; -0.696 ; -0.696 ; Rise       ; Clock           ;
;  B[6]      ; Clock      ; -0.464 ; -0.464 ; Rise       ; Clock           ;
;  B[7]      ; Clock      ; -0.307 ; -0.307 ; Rise       ; Clock           ;
; data_inFSM ; Clock      ; -2.750 ; -2.750 ; Rise       ; Clock           ;
+------------+------------+--------+--------+------------+-----------------+


+-------------------------------------------------------------------------------------+
; Clock to Output Times                                                               ;
+-----------------------+------------+--------+--------+------------+-----------------+
; Data Port             ; Clock Port ; Rise   ; Fall   ; Clock Edge ; Clock Reference ;
+-----------------------+------------+--------+--------+------------+-----------------+
; StudentID_Display[*]  ; Clock      ; 12.215 ; 12.215 ; Rise       ; Clock           ;
;  StudentID_Display[0] ; Clock      ; 12.203 ; 12.203 ; Rise       ; Clock           ;
;  StudentID_Display[1] ; Clock      ; 12.211 ; 12.211 ; Rise       ; Clock           ;
;  StudentID_Display[2] ; Clock      ; 12.215 ; 12.215 ; Rise       ; Clock           ;
;  StudentID_Display[3] ; Clock      ; 12.188 ; 12.188 ; Rise       ; Clock           ;
;  StudentID_Display[4] ; Clock      ; 12.079 ; 12.079 ; Rise       ; Clock           ;
;  StudentID_Display[5] ; Clock      ; 12.200 ; 12.200 ; Rise       ; Clock           ;
;  StudentID_Display[6] ; Clock      ; 11.911 ; 11.911 ; Rise       ; Clock           ;
; display[*]            ; Clock      ; 13.420 ; 13.420 ; Rise       ; Clock           ;
;  display[1]           ; Clock      ; 13.395 ; 13.395 ; Rise       ; Clock           ;
;  display[3]           ; Clock      ; 13.420 ; 13.420 ; Rise       ; Clock           ;
;  display[4]           ; Clock      ; 13.420 ; 13.420 ; Rise       ; Clock           ;
;  display[5]           ; Clock      ; 13.410 ; 13.410 ; Rise       ; Clock           ;
+-----------------------+------------+--------+--------+------------+-----------------+


+-----------------------------------------------------------------------------------+
; Minimum Clock to Output Times                                                     ;
+-----------------------+------------+-------+-------+------------+-----------------+
; Data Port             ; Clock Port ; Rise  ; Fall  ; Clock Edge ; Clock Reference ;
+-----------------------+------------+-------+-------+------------+-----------------+
; StudentID_Display[*]  ; Clock      ; 5.290 ; 5.290 ; Rise       ; Clock           ;
;  StudentID_Display[0] ; Clock      ; 5.418 ; 5.418 ; Rise       ; Clock           ;
;  StudentID_Display[1] ; Clock      ; 5.430 ; 5.430 ; Rise       ; Clock           ;
;  StudentID_Display[2] ; Clock      ; 5.432 ; 5.432 ; Rise       ; Clock           ;
;  StudentID_Display[3] ; Clock      ; 5.401 ; 5.401 ; Rise       ; Clock           ;
;  StudentID_Display[4] ; Clock      ; 5.366 ; 5.366 ; Rise       ; Clock           ;
;  StudentID_Display[5] ; Clock      ; 5.416 ; 5.416 ; Rise       ; Clock           ;
;  StudentID_Display[6] ; Clock      ; 5.290 ; 5.290 ; Rise       ; Clock           ;
; display[*]            ; Clock      ; 5.338 ; 5.338 ; Rise       ; Clock           ;
;  display[1]           ; Clock      ; 5.338 ; 5.338 ; Rise       ; Clock           ;
;  display[3]           ; Clock      ; 5.362 ; 5.362 ; Rise       ; Clock           ;
;  display[4]           ; Clock      ; 5.362 ; 5.362 ; Rise       ; Clock           ;
;  display[5]           ; Clock      ; 5.352 ; 5.352 ; Rise       ; Clock           ;
+-----------------------+------------+-------+-------+------------+-----------------+


+--------------------------------------------------------------+
; Progagation Delay                                            ;
+------------+-------------+--------+--------+--------+--------+
; Input Port ; Output Port ; RR     ; RF     ; FR     ; FF     ;
+------------+-------------+--------+--------+--------+--------+
; ResetFSM   ; display[1]  ;        ; 14.573 ; 14.573 ;        ;
; ResetFSM   ; display[3]  ;        ; 14.598 ; 14.598 ;        ;
; ResetFSM   ; display[4]  ; 14.598 ;        ;        ; 14.598 ;
; ResetFSM   ; display[5]  ;        ; 14.588 ; 14.588 ;        ;
+------------+-------------+--------+--------+--------+--------+


+----------------------------------------------------------+
; Minimum Progagation Delay                                ;
+------------+-------------+-------+-------+-------+-------+
; Input Port ; Output Port ; RR    ; RF    ; FR    ; FF    ;
+------------+-------------+-------+-------+-------+-------+
; ResetFSM   ; display[1]  ;       ; 7.287 ; 7.287 ;       ;
; ResetFSM   ; display[3]  ;       ; 7.311 ; 7.311 ;       ;
; ResetFSM   ; display[4]  ; 7.311 ;       ;       ; 7.311 ;
; ResetFSM   ; display[5]  ;       ; 7.301 ; 7.301 ;       ;
+------------+-------------+-------+-------+-------+-------+


+-------------------------------------------------------------------+
; Setup Transfers                                                   ;
+------------+----------+----------+----------+----------+----------+
; From Clock ; To Clock ; RR Paths ; FR Paths ; RF Paths ; FF Paths ;
+------------+----------+----------+----------+----------+----------+
; Clock      ; Clock    ; 16       ; 0        ; 0        ; 0        ;
+------------+----------+----------+----------+----------+----------+
Entries labeled "false path" only account for clock-to-clock false paths and not path-based false paths. As a result, actual path counts may be lower than reported.


+-------------------------------------------------------------------+
; Hold Transfers                                                    ;
+------------+----------+----------+----------+----------+----------+
; From Clock ; To Clock ; RR Paths ; FR Paths ; RF Paths ; FF Paths ;
+------------+----------+----------+----------+----------+----------+
; Clock      ; Clock    ; 16       ; 0        ; 0        ; 0        ;
+------------+----------+----------+----------+----------+----------+
Entries labeled "false path" only account for clock-to-clock false paths and not path-based false paths. As a result, actual path counts may be lower than reported.


---------------
; Report TCCS ;
---------------
No dedicated SERDES Transmitter circuitry present in device or used in design


---------------
; Report RSKM ;
---------------
No dedicated SERDES Receiver circuitry present in device or used in design


+------------------------------------------------+
; Unconstrained Paths                            ;
+---------------------------------+-------+------+
; Property                        ; Setup ; Hold ;
+---------------------------------+-------+------+
; Illegal Clocks                  ; 0     ; 0    ;
; Unconstrained Clocks            ; 0     ; 0    ;
; Unconstrained Input Ports       ; 11    ; 11   ;
; Unconstrained Input Port Paths  ; 36    ; 36   ;
; Unconstrained Output Ports      ; 11    ; 11   ;
; Unconstrained Output Port Paths ; 91    ; 91   ;
+---------------------------------+-------+------+


+------------------------------------+
; TimeQuest Timing Analyzer Messages ;
+------------------------------------+
Info: *******************************************************************
Info: Running Quartus II 32-bit TimeQuest Timing Analyzer
    Info: Version 13.0.1 Build 232 06/12/2013 Service Pack 1 SJ Full Version
    Info: Processing started: Thu Nov 28 21:58:45 2024
Info: Command: quartus_sta Circuit3 -c Circuit3
Info: qsta_default_script.tcl version: #1
Warning (20013): Ignored assignments for entity "Circuit1" -- entity does not exist in design
    Warning (20014): Assignment for entity set_instance_assignment -name PARTITION_HIERARCHY root_partition -to | -entity Circuit1 -section_id Top was ignored
    Warning (20014): Assignment for entity set_global_assignment -name PARTITION_NETLIST_TYPE SOURCE -entity Circuit1 -section_id Top was ignored
    Warning (20014): Assignment for entity set_global_assignment -name PARTITION_FITTER_PRESERVATION_LEVEL PLACEMENT_AND_ROUTING -entity Circuit1 -section_id Top was ignored
    Warning (20014): Assignment for entity set_global_assignment -name PARTITION_PRESERVE_HIGH_SPEED_TILES ON -entity Circuit1 -section_id Top was ignored
    Warning (20014): Assignment for entity set_global_assignment -name PARTITION_IGNORE_SOURCE_FILE_CHANGES OFF -entity Circuit1 -section_id Top was ignored
    Warning (20014): Assignment for entity set_global_assignment -name PARTITION_ALWAYS_USE_QXP_NETLIST OFF -entity Circuit1 -section_id Top was ignored
    Warning (20014): Assignment for entity set_global_assignment -name PARTITION_COLOR 16764057 -entity Circuit1 -section_id Top was ignored
    Warning (20014): Assignment for entity set_global_assignment -name PARTITION_IMPORT_ASSIGNMENTS ON -entity Circuit1 -section_id Top was ignored
    Warning (20014): Assignment for entity set_global_assignment -name PARTITION_IMPORT_EXISTING_ASSIGNMENTS REPLACE_CONFLICTING -entity Circuit1 -section_id Top was ignored
    Warning (20014): Assignment for entity set_global_assignment -name PARTITION_IMPORT_EXISTING_LOGICLOCK_REGIONS UPDATE_CONFLICTING -entity Circuit1 -section_id Top was ignored
    Warning (20014): Assignment for entity set_global_assignment -name PARTITION_IMPORT_PIN_ASSIGNMENTS ON -entity Circuit1 -section_id Top was ignored
    Warning (20014): Assignment for entity set_global_assignment -name PARTITION_IMPORT_PROMOTE_ASSIGNMENTS ON -entity Circuit1 -section_id Top was ignored
    Warning (20014): Assignment for entity set_global_assignment -name PARTITION_TYPE STANDARD_PARTITION -entity Circuit1 -section_id Top was ignored
    Warning (20014): Assignment for entity set_global_assignment -name ALLOW_MULTIPLE_PERSONAS OFF -entity Circuit1 -section_id Top was ignored
    Warning (20014): Assignment for entity set_global_assignment -name PARTITION_ASD_REGION_ID 1 -entity Circuit1 -section_id Top was ignored
    Warning (20014): Assignment for entity set_global_assignment -name CROSS_BOUNDARY_OPTIMIZATIONS OFF -entity Circuit1 -section_id Top was ignored
    Warning (20014): Assignment for entity set_global_assignment -name PROPAGATE_CONSTANTS_ON_INPUTS ON -entity Circuit1 -section_id Top was ignored
    Warning (20014): Assignment for entity set_global_assignment -name PROPAGATE_INVERSIONS_ON_INPUTS ON -entity Circuit1 -section_id Top was ignored
    Warning (20014): Assignment for entity set_global_assignment -name REMOVE_LOGIC_ON_UNCONNECTED_OUTPUTS ON -entity Circuit1 -section_id Top was ignored
    Warning (20014): Assignment for entity set_global_assignment -name MERGE_EQUIVALENT_INPUTS ON -entity Circuit1 -section_id Top was ignored
    Warning (20014): Assignment for entity set_global_assignment -name MERGE_EQUIVALENT_BIDIRS ON -entity Circuit1 -section_id Top was ignored
    Warning (20014): Assignment for entity set_global_assignment -name ABSORB_PATHS_FROM_OUTPUTS_TO_INPUTS ON -entity Circuit1 -section_id Top was ignored
    Warning (20014): Assignment for entity set_global_assignment -name PARTITION_EXTRACT_HARD_BLOCK_NODES ON -entity Circuit1 -section_id Top was ignored
Warning (20013): Ignored assignments for entity "Circuit2" -- entity does not exist in design
    Warning (20014): Assignment for entity set_instance_assignment -name PARTITION_HIERARCHY root_partition -to | -entity Circuit2 -section_id Top was ignored
    Warning (20014): Assignment for entity set_global_assignment -name PARTITION_NETLIST_TYPE SOURCE -entity Circuit2 -section_id Top was ignored
    Warning (20014): Assignment for entity set_global_assignment -name PARTITION_FITTER_PRESERVATION_LEVEL PLACEMENT_AND_ROUTING -entity Circuit2 -section_id Top was ignored
    Warning (20014): Assignment for entity set_global_assignment -name PARTITION_PRESERVE_HIGH_SPEED_TILES ON -entity Circuit2 -section_id Top was ignored
    Warning (20014): Assignment for entity set_global_assignment -name PARTITION_IGNORE_SOURCE_FILE_CHANGES OFF -entity Circuit2 -section_id Top was ignored
    Warning (20014): Assignment for entity set_global_assignment -name PARTITION_ALWAYS_USE_QXP_NETLIST OFF -entity Circuit2 -section_id Top was ignored
    Warning (20014): Assignment for entity set_global_assignment -name PARTITION_COLOR 16764057 -entity Circuit2 -section_id Top was ignored
    Warning (20014): Assignment for entity set_global_assignment -name PARTITION_IMPORT_ASSIGNMENTS ON -entity Circuit2 -section_id Top was ignored
    Warning (20014): Assignment for entity set_global_assignment -name PARTITION_IMPORT_EXISTING_ASSIGNMENTS REPLACE_CONFLICTING -entity Circuit2 -section_id Top was ignored
    Warning (20014): Assignment for entity set_global_assignment -name PARTITION_IMPORT_EXISTING_LOGICLOCK_REGIONS UPDATE_CONFLICTING -entity Circuit2 -section_id Top was ignored
    Warning (20014): Assignment for entity set_global_assignment -name PARTITION_IMPORT_PIN_ASSIGNMENTS ON -entity Circuit2 -section_id Top was ignored
    Warning (20014): Assignment for entity set_global_assignment -name PARTITION_IMPORT_PROMOTE_ASSIGNMENTS ON -entity Circuit2 -section_id Top was ignored
    Warning (20014): Assignment for entity set_global_assignment -name PARTITION_TYPE STANDARD_PARTITION -entity Circuit2 -section_id Top was ignored
    Warning (20014): Assignment for entity set_global_assignment -name ALLOW_MULTIPLE_PERSONAS OFF -entity Circuit2 -section_id Top was ignored
    Warning (20014): Assignment for entity set_global_assignment -name PARTITION_ASD_REGION_ID 1 -entity Circuit2 -section_id Top was ignored
    Warning (20014): Assignment for entity set_global_assignment -name CROSS_BOUNDARY_OPTIMIZATIONS OFF -entity Circuit2 -section_id Top was ignored
    Warning (20014): Assignment for entity set_global_assignment -name PROPAGATE_CONSTANTS_ON_INPUTS ON -entity Circuit2 -section_id Top was ignored
    Warning (20014): Assignment for entity set_global_assignment -name PROPAGATE_INVERSIONS_ON_INPUTS ON -entity Circuit2 -section_id Top was ignored
    Warning (20014): Assignment for entity set_global_assignment -name REMOVE_LOGIC_ON_UNCONNECTED_OUTPUTS ON -entity Circuit2 -section_id Top was ignored
    Warning (20014): Assignment for entity set_global_assignment -name MERGE_EQUIVALENT_INPUTS ON -entity Circuit2 -section_id Top was ignored
    Warning (20014): Assignment for entity set_global_assignment -name MERGE_EQUIVALENT_BIDIRS ON -entity Circuit2 -section_id Top was ignored
    Warning (20014): Assignment for entity set_global_assignment -name ABSORB_PATHS_FROM_OUTPUTS_TO_INPUTS ON -entity Circuit2 -section_id Top was ignored
    Warning (20014): Assignment for entity set_global_assignment -name PARTITION_EXTRACT_HARD_BLOCK_NODES ON -entity Circuit2 -section_id Top was ignored
Info (11104): Parallel Compilation has detected 8 hyper-threaded processors. However, the extra hyper-threaded processors will not be used by default. Parallel Compilation will use 4 of the 4 physical processors detected instead.
Info (21077): Low junction temperature is 0 degrees C
Info (21077): High junction temperature is 85 degrees C
Critical Warning (332012): Synopsys Design Constraints File file not found: 'Circuit3.sdc'. A Synopsys Design Constraints File is required by the TimeQuest Timing Analyzer to get proper timing constraints. Without it, the Compiler will not properly optimize the design.
Info (332142): No user constrained base clocks found in the design. Calling "derive_clocks -period 1.0"
Info (332105): Deriving Clocks
    Info (332105): create_clock -period 1.000 -name Clock Clock
Info: Found TIMEQUEST_REPORT_SCRIPT_INCLUDE_DEFAULT_ANALYSIS = ON
Info: Analyzing Slow Model
Info (332146): Worst-case setup slack is 0.051
    Info (332119):     Slack End Point TNS Clock 
    Info (332119): ========= ============= =====================
    Info (332119):     0.051         0.000 Clock 
Info (332146): Worst-case hold slack is 0.391
    Info (332119):     Slack End Point TNS Clock 
    Info (332119): ========= ============= =====================
    Info (332119):     0.391         0.000 Clock 
Info (332140): No Recovery paths to report
Info (332140): No Removal paths to report
Critical Warning (332148): Timing requirements not met
Info (332146): Worst-case minimum pulse width slack is -1.222
    Info (332119):     Slack End Point TNS Clock 
    Info (332119): ========= ============= =====================
    Info (332119):    -1.222       -17.222 Clock 
Info (332001): The selected device family is not supported by the report_metastability command.
Info: Analyzing Fast Model
Info (332146): Worst-case setup slack is 0.554
    Info (332119):     Slack End Point TNS Clock 
    Info (332119): ========= ============= =====================
    Info (332119):     0.554         0.000 Clock 
Info (332146): Worst-case hold slack is 0.215
    Info (332119):     Slack End Point TNS Clock 
    Info (332119): ========= ============= =====================
    Info (332119):     0.215         0.000 Clock 
Info (332140): No Recovery paths to report
Info (332140): No Removal paths to report
Critical Warning (332148): Timing requirements not met
Info (332146): Worst-case minimum pulse width slack is -1.222
    Info (332119):     Slack End Point TNS Clock 
    Info (332119): ========= ============= =====================
    Info (332119):    -1.222       -17.222 Clock 
Info (332001): The selected device family is not supported by the report_metastability command.
Info (332102): Design is not fully constrained for setup requirements
Info (332102): Design is not fully constrained for hold requirements
Info: Quartus II 32-bit TimeQuest Timing Analyzer was successful. 0 errors, 51 warnings
    Info: Peak virtual memory: 320 megabytes
    Info: Processing ended: Thu Nov 28 21:58:46 2024
    Info: Elapsed time: 00:00:01
    Info: Total CPU time (on all processors): 00:00:01


